// Jest Snapshot v1, https://goo.gl/fbAQLP

exports[`DisplayField should change display based on isTab 1`] = `
<DisplayField
  currentFilm={
    Object {
      "mockCrawl": Object {
        "circa": 1977,
        "crawl": "It is a period of civil war. Rebel spaceships, striking from a hidden base, have won their first victory against the evil Galactic Empire. During the battle, Rebel spies managed to steal secret plans to the Empire's ultimate weapon, the DEATH STAR, an armored space station with enough power to destroy an entire planet. Pursued by the Empire's sinister agents, Princess Leia races home aboard her starship, custodian of the stolen plans that can save her people and restore freedom to the galaxy.....",
        "title": "Episode IV - A New Hope",
      },
    }
  }
  isLoading={false}
  isTab="People"
  person="personName"
>
  <section
    className="DisplayField"
  >
    <Card
      person="personName"
    >
      <section
        className="card"
      >
        <div
          className="fade"
        />
        <h4>
          props.person
        </h4>
        <p>
          content
        </p>
      </section>
    </Card>
  </section>
</DisplayField>
`;

exports[`DisplayField should match snapshot if Loading 1`] = `
<DisplayField
  currentFilm={
    Object {
      "mockCrawl": Object {
        "circa": 1977,
        "crawl": "It is a period of civil war. Rebel spaceships, striking from a hidden base, have won their first victory against the evil Galactic Empire. During the battle, Rebel spies managed to steal secret plans to the Empire's ultimate weapon, the DEATH STAR, an armored space station with enough power to destroy an entire planet. Pursued by the Empire's sinister agents, Princess Leia races home aboard her starship, custodian of the stolen plans that can save her people and restore freedom to the galaxy.....",
        "title": "Episode IV - A New Hope",
      },
    }
  }
  isLoading={true}
  isTab="Crawl"
  person="personName"
>
  <section
    className="DisplayField"
  >
    <Loading>
      <div
        className="Loading"
      >
        <h3>
          Patience You Must
        </h3>
        <img
          alt="loader"
          src="Ripple-Loader.gif"
        />
      </div>
    </Loading>
  </section>
</DisplayField>
`;

exports[`DisplayField should match snapshot if Not Loading 1`] = `
<DisplayField
  currentFilm={
    Object {
      "mockCrawl": Object {
        "circa": 1977,
        "crawl": "It is a period of civil war. Rebel spaceships, striking from a hidden base, have won their first victory against the evil Galactic Empire. During the battle, Rebel spies managed to steal secret plans to the Empire's ultimate weapon, the DEATH STAR, an armored space station with enough power to destroy an entire planet. Pursued by the Empire's sinister agents, Princess Leia races home aboard her starship, custodian of the stolen plans that can save her people and restore freedom to the galaxy.....",
        "title": "Episode IV - A New Hope",
      },
    }
  }
  isLoading={false}
  isTab="Crawl"
  person="personName"
>
  <section
    className="DisplayField"
  >
    <Crawl
      film={
        Object {
          "mockCrawl": Object {
            "circa": 1977,
            "crawl": "It is a period of civil war. Rebel spaceships, striking from a hidden base, have won their first victory against the evil Galactic Empire. During the battle, Rebel spies managed to steal secret plans to the Empire's ultimate weapon, the DEATH STAR, an armored space station with enough power to destroy an entire planet. Pursued by the Empire's sinister agents, Princess Leia races home aboard her starship, custodian of the stolen plans that can save her people and restore freedom to the galaxy.....",
            "title": "Episode IV - A New Hope",
          },
        }
      }
    >
      <div
        className="Crawl"
      >
        <div
          className="fade"
        />
        <section
          className="Crawl--container"
        >
          <article
            className="Crawl--content"
          >
            <p />
            <h3>
               (
              )
            </h3>
          </article>
        </section>
      </div>
    </Crawl>
  </section>
</DisplayField>
`;
