// Jest Snapshot v1, https://goo.gl/fbAQLP

exports[`Button should match snapshot 1`] = `
<button
  id="People"
  onClick={[MockFunction]}
>
  People
</button>
`;
