// Jest Snapshot v1, https://goo.gl/fbAQLP

exports[`Header should match snapshot 1`] = `
<header>
  <h1>
    SWapi Box
  </h1>
  <Nav
    updateTab={[MockFunction]}
  />
</header>
`;
