// Jest Snapshot v1, https://goo.gl/fbAQLP

exports[`Loading should match snapshot 1`] = `
<div
  className="Loading"
>
  <div
    className="fade"
  />
  <article
    className="loader"
  >
    <h3>
      Patience You Must
    </h3>
    <img
      alt="loader"
      src="Ripple-Loader.gif"
    />
  </article>
</div>
`;
